/SiteWebIF/Intranet-etudiant.php (10426 hits)
/temps/style_emploi_du_temps.css (4415 hits)
/temps/FondInsa.jpg (4267 hits)
/temps/suivant.gif (4198 hits)
/temps/choix.gif (4191 hits)
/temps/precedent.gif (4154 hits)
/temps/InsaIF.ico (3068 hits)
/temps/ (2619 hits)
/notesif/ (2431 hits)
/temps/3IF1.ics (2165 hits)