OK
OK
OK
OK
OK
OK
OI biginter 4 OI inter 2 S s1 0 3 2 50 S s2 15 3 4 5 R r1 12 12 50 200 PC p1 56 46 108 4536 80 100 S s1 0 3 2 50
OI inter 2 S s1 0 3 2 50 S s2 15 3 4 5
PC p1 56 46 108 4536 80 100
R r1 12 12 50 200
S s1 0 3 2 50
S s2 15 3 4 5
