OK
OK
R rect 66 12 14 15
OK
YES
NO
NO
NO
NO
NO
NO
NO
NO
NO
NO
YES
YES
YES
YES
