OK
OK
S seg 11 11 15 15
OK
NO
NO
YES
YES
YES
NO
NO
NO
NO
NO
NO
