OK
OK
PC pol 3 10 10 10 110 60 60
YES
YES
YES
YES
YES
YES
YES
YES
NO
NO
NO
NO
NO
NO
NO
OK
PC pol 3 0 0 0 100 50 50
YES
YES
YES
YES
YES
YES
YES
YES
NO
NO
NO
NO
NO
NO
NO
